// Jest Snapshot v1, https://goo.gl/fbAQLP

exports[`BS in AMCS: Interdisciplinary Program Node should have expected snapshot 1`] = `
{
  "internalId": "RG-10776",
  "key": "bs_in_amcs__interdisciplinary_conc_2020",
  "name": "BS In AMCS: interdisciplinary CONC 2020",
  "satisfied": "INCOMPLETE",
  "subNodes": [
    {
      "description": "Racial and Ethnic StudiesStudents must take 6 credits, a minimum of 3 credits must be from RES-A",
      "index": 1,
      "internalId": "RQ-10360",
      "isGenEd": true,
      "key": "res_requirement",
      "name": "RES Requirement",
      "nextIndex": 5,
      "satisfied": "COMPLETE",
      "subNodes": [],
      "units": {
        "credits": {
          "current": 6,
          "required": 6,
        },
      },
    },
    {
      "description": "Global Perspectives",
      "index": 5,
      "internalId": "RQ-025",
      "isGenEd": true,
      "key": "glp_requirement",
      "name": "GLP Requirement",
      "nextIndex": 9,
      "satisfied": "COMPLETE",
      "subNodes": [],
      "units": {
        "credits": {
          "current": 9,
          "required": 6,
        },
      },
    },
    {
      "description": "General Education: Communication Skills",
      "index": 9,
      "internalId": "RQ-020",
      "isGenEd": true,
      "key": "gened__communication_skills",
      "name": "GenEd: Communication Skills",
      "nextIndex": 17,
      "satisfied": "COMPLETE",
      "subNodes": [],
      "units": {},
    },
    {
      "description": "General Education: Analytic Reasoning & Natural Science.1Take MATH-156 or MATH-153*MATH 156 and MATH 153 require a grade of C or better",
      "index": 17,
      "internalId": "RQ-10415",
      "isGenEd": true,
      "key": "gened__arns",
      "name": "GenEd: ARNS",
      "nextIndex": 17,
      "satisfied": "COMPLETE",
      "subNodes": [],
      "units": {},
    },
    {
      "description": "General Education: Analytic Reasoning & Natural Science.2",
      "index": 23,
      "internalId": "RQ-10416",
      "isGenEd": true,
      "key": "gened__arns",
      "name": "GenEd: ARNS",
      "nextIndex": 33,
      "satisfied": "COMPLETE",
      "subNodes": [],
      "units": {
        "courses": {
          "current": 1,
          "required": 1,
        },
        "credits": {
          "current": 9,
          "required": 8,
        },
      },
    },
    {
      "description": "General Education: Humanities and the Arts- Select from two or more areas Including: Art History/Music Appreciation, Creative/Performing Arts, History, Literature, Philosophy, & Foreign Language & Culture  *Effective 01/01/2021, PHOTO 130 NO LONGER classified as GE HUM/ART & does not satisfy this area.   **Effective 08/15/2021, ART 100 & ART 101 NO LONGER classified as GE HUM/ART & do not satisfy this area.",
      "index": 33,
      "internalId": "RQ-019",
      "isGenEd": true,
      "key": "gened__humart",
      "name": "GenEd: HumArt",
      "nextIndex": 41,
      "satisfied": "COMPLETE",
      "subNodes": [],
      "units": {
        "credits": {
          "current": 6,
          "required": 6,
        },
      },
    },
    {
      "description": "General Education: Social and Behavioral Sciences - Courses MUST be from two or more Areas Including: Anthropology, Economics, Geography, Political Science, Psychology and Sociology",
      "index": 41,
      "internalId": "RQ-0138",
      "isGenEd": true,
      "key": "gened__sbsci",
      "name": "GenEd: SBSci",
      "nextIndex": 47,
      "satisfied": "INCOMPLETE",
      "subNodes": [],
      "units": {
        "credits": {
          "current": 3,
          "required": 6,
        },
      },
    },
    {
      "description": "General Education: Cross-Disciplinary Issues",
      "index": 47,
      "internalId": "RQ-10361",
      "isGenEd": true,
      "key": "gened__ci",
      "name": "GenEd: CI",
      "nextIndex": 51,
      "satisfied": "COMPLETE",
      "subNodes": [],
      "units": {
        "credits": {
          "current": 3,
          "required": 3,
        },
      },
    },
    {
      "description": "General Education: Social Responsibility and Ethical Reasoning",
      "index": 51,
      "internalId": "RQ-10362",
      "isGenEd": true,
      "key": "gened__srer",
      "name": "GenEd: SRER",
      "nextIndex": 55,
      "satisfied": "COMPLETE",
      "subNodes": [],
      "units": {
        "credits": {
          "current": 3,
          "required": 3,
        },
      },
    },
    {
      "description": "GENERAL EDUCATION: SELECTIVES",
      "index": 55,
      "internalId": "RQ-10414",
      "isGenEd": true,
      "key": "gened__selectives",
      "name": "GenEd: Selectives",
      "nextIndex": 61,
      "satisfied": "COMPLETE",
      "subNodes": [],
      "units": {
        "credits": {
          "current": 4,
          "required": 4,
        },
        "gpa": {
          "current": 0,
          "required": 0,
        },
      },
    },
    {
      "description": "Applied Mathematics & Computer Science Major Requirements Interdisciplinary Concentration",
      "index": 61,
      "internalId": "RQ-0384",
      "isGenEd": false,
      "key": "amcs__interdisciplinary__requirements",
      "name": "AMCS: interdisciplinary  Requirements",
      "nextIndex": 81,
      "satisfied": "INCOMPLETE",
      "subNodes": [],
      "units": {
        "courses": {
          "current": 3,
          "required": 3,
        },
        "credits": {
          "current": 50,
          "required": 77,
        },
      },
    },
    {
      "description": "OTHER COURSES",
      "index": 81,
      "internalId": "RQ-0331",
      "isGenEd": false,
      "key": "other_courses",
      "name": "Other Courses",
      "nextIndex": 86,
      "satisfied": "COMPLETE",
      "subNodes": [],
      "units": {},
    },
  ],
  "units": {
    "credits": {
      "current": 98,
      "required": 120,
    },
    "gpa": {
      "current": 2.912,
      "required": 2,
    },
  },
}
`;
