// Jest Snapshot v1, https://goo.gl/fbAQLP

exports[`BS in Computer Networking & Information Technology Node should have expected snapshot 1`] = `
{
  "internalId": "RG-738",
  "isGenEd": false,
  "key": "bs_in_cnit_2020",
  "name": "BS In CNIT 2020",
  "satisfied": "INCOMPLETE",
  "subNodes": [
    {
      "description": "Racial and Ethnic StudiesStudents must take 6 credits, a minimum of 3 credits must be from RES-A",
      "index": 1,
      "internalId": "RQ-10360",
      "isGenEd": true,
      "key": "res_requirement",
      "name": "RES Requirement",
      "nextIndex": 7,
      "satisfied": "COMPLETE",
      "subNodes": [
        {
          "description": "Option 2: Take one RES-A",
          "internalId": "LN-020",
          "isGenEd": true,
          "isValid": true,
          "key": "option_2__take_one_res_a",
          "name": "Option 2: Take One RES-a",
          "satisfied": "COMPLETE",
          "subNodes": [],
          "units": {},
        },
        {
          "description": "AND one RES-B course",
          "internalId": "LN-030",
          "isGenEd": true,
          "isValid": true,
          "key": "__one_res_b_course",
          "name": "& One RES-b Course",
          "satisfied": "COMPLETE",
          "subNodes": [],
          "units": {},
        },
      ],
      "units": {
        "credits": {
          "current": 3,
          "required": 3,
        },
      },
    },
    {
      "description": "Global Perspectives",
      "index": 7,
      "internalId": "RQ-025",
      "isGenEd": true,
      "key": "glp_requirement",
      "name": "GLP Requirement",
      "nextIndex": 11,
      "satisfied": "COMPLETE",
      "subNodes": [
        {
          "description": "Global Perspective Courses  - 6 Credits",
          "internalId": "LN-010",
          "isGenEd": false,
          "isValid": true,
          "key": "global_perspective_courses",
          "name": "Global Perspective Courses",
          "satisfied": "COMPLETE",
          "subNodes": [],
          "units": {},
        },
      ],
      "units": {
        "credits": {
          "current": 12,
          "required": 6,
        },
      },
    },
    {
      "description": "General Education: Communication Skills",
      "index": 11,
      "internalId": "RQ-020",
      "isGenEd": true,
      "key": "gened__communication_skills",
      "name": "GenEd: Communication Skills",
      "nextIndex": 19,
      "satisfied": "COMPLETE",
      "subNodes": [
        {
          "description": "Freshman English- Composition or Honors English I",
          "internalId": "LN-010",
          "isGenEd": false,
          "isValid": true,
          "key": "freshman_english__composition_or_honors_english",
          "name": "Freshman English: Composition Or Honors English",
          "satisfied": "COMPLETE",
          "subNodes": [],
          "units": {},
        },
        {
          "description": "Freshman English- Reading/Related Writing or Honors English II or Honors Seminar I",
          "internalId": "LN-020",
          "isGenEd": false,
          "isValid": true,
          "key": "freshman_english__reading_realated_writing_or_honors_english_ii_or_honors_semina",
          "name": "Freshman English: Reading/realated Writing Or Honors English II Or Honors Semina",
          "satisfied": "COMPLETE",
          "subNodes": [],
          "units": {},
        },
        {
          "description": "Fundamentals of Speech",
          "internalId": "LN-030",
          "isGenEd": false,
          "isValid": true,
          "key": "fundamentals_of_speech___comst_100",
          "name": "Fundamentals Of Speech - COMST 100",
          "satisfied": "COMPLETE",
          "subNodes": [],
          "units": {},
        },
      ],
      "units": {},
    },
    {
      "description": "GEN-ARNS.CNIT.2019",
      "index": 19,
      "internalId": "RQ-10408",
      "isGenEd": true,
      "key": "gened__arns",
      "name": "GenEd: ARNS",
      "nextIndex": 31,
      "satisfied": "COMPLETE",
      "subNodes": [
        {
          "description": "Take CS 144",
          "internalId": "LN-010",
          "isGenEd": false,
          "isValid": true,
          "key": "take_cs_144",
          "name": "Take CS 144",
          "satisfied": "COMPLETE",
          "subNodes": [],
          "units": {},
        },
        {
          "description": "Take MATH 153 OR STAT 320(Completion of BOTH MATH 150 & MATH 151 is also acceptable)",
          "internalId": "LN-020",
          "isGenEd": false,
          "isValid": true,
          "key": "take_the_following_course_",
          "name": "Take The Following Course:",
          "satisfied": "COMPLETE",
          "subNodes": [],
          "units": {},
        },
        {
          "description": "Natural ScienceTake one Natural Science Course with a lab from the approved Gen Ed/Stout Core-ARNS Natural Science course listing which can be found online.",
          "internalId": "LN-040",
          "isGenEd": false,
          "isValid": true,
          "key": "natural_science",
          "name": "Natural Science",
          "satisfied": "COMPLETE",
          "subNodes": [],
          "units": {},
        },
        {
          "description": "LN-050:Natural Science Laboratory",
          "internalId": "UNKNOWN_ID",
          "isGenEd": false,
          "isValid": true,
          "key": "natural_science_laboratory",
          "name": "Natural Science Laboratory",
          "satisfied": "COMPLETE",
          "subNodes": [],
          "units": {},
        },
      ],
      "units": {
        "courses": {
          "current": 1,
          "required": 1,
        },
        "credits": {
          "current": 14,
          "required": 11,
        },
      },
    },
    {
      "description": "General Education: Humanities and the Arts- Select from two or more areas Including: Art History/Music Appreciation, Creative/Performing Arts, History, Literature, Philosophy, & Foreign Language & Culture  *Effective 01/01/2021, PHOTO 130 NO LONGER classified as GE HUM/ART & does not satisfy this area.   **Effective 08/15/2021, ART 100 & ART 101 NO LONGER classified as GE HUM/ART & do not satisfy this area.",
      "index": 31,
      "internalId": "RQ-019",
      "isGenEd": true,
      "key": "gened__humart",
      "name": "GenEd: HumArt",
      "nextIndex": 39,
      "satisfied": "COMPLETE",
      "subNodes": [
        {
          "description": "History Option ",
          "internalId": "LN-070",
          "isGenEd": false,
          "isValid": true,
          "key": "history_option",
          "name": "History Option",
          "satisfied": "COMPLETE",
          "subNodes": [],
          "units": {},
        },
        {
          "description": "Philosophy Option ",
          "internalId": "LN-110",
          "isGenEd": false,
          "isValid": true,
          "key": "philosophy_option",
          "name": "Philosophy Option",
          "satisfied": "COMPLETE",
          "subNodes": [],
          "units": {},
        },
      ],
      "units": {
        "credits": {
          "current": 6,
          "required": 6,
        },
      },
    },
    {
      "description": "General Education: Social and Behavioral Sciences - Courses MUST be from two or more Areas Including: Anthropology, Economics, Geography, Political Science, Psychology and Sociology",
      "index": 39,
      "internalId": "RQ-0138",
      "isGenEd": true,
      "key": "gened__sbsci",
      "name": "GenEd: SBSci",
      "nextIndex": 47,
      "satisfied": "COMPLETE",
      "subNodes": [
        {
          "description": "Anthropology Option ",
          "internalId": "LN-010",
          "isGenEd": false,
          "isValid": true,
          "key": "anthropology",
          "name": "Anthropology",
          "satisfied": "COMPLETE",
          "subNodes": [],
          "units": {},
        },
        {
          "description": "Geography Option ",
          "internalId": "LN-050",
          "isGenEd": false,
          "isValid": true,
          "key": "geography_option",
          "name": "Geography Option",
          "satisfied": "COMPLETE",
          "subNodes": [],
          "units": {},
        },
      ],
      "units": {
        "credits": {
          "current": 6,
          "required": 6,
        },
      },
    },
    {
      "description": "General Education: Cross-disciplinary Issues",
      "index": 47,
      "internalId": "RQ-10409",
      "isGenEd": true,
      "key": "gened__ci",
      "name": "GenEd: CI",
      "nextIndex": 53,
      "satisfied": "COMPLETE",
      "subNodes": [
        {
          "description": "Take ICT-103",
          "internalId": "LN-010",
          "isGenEd": false,
          "isValid": true,
          "key": "_take_ict_103",
          "name": "*Take ICT-103",
          "satisfied": "COMPLETE",
          "subNodes": [],
          "units": {},
        },
      ],
      "units": {
        "credits": {
          "current": 3,
          "required": 3,
        },
      },
    },
    {
      "description": "General Education: Social Responsibility and Ethical Reasoning",
      "index": 53,
      "internalId": "RQ-10647",
      "isGenEd": true,
      "key": "gened__srer",
      "name": "GenEd: SRER",
      "nextIndex": 57,
      "satisfied": "INCOMPLETE",
      "subNodes": [
        {
          "description": "Complete 3 credits from the approved Gen Ed/Stout Core-SRER course listing which can be found online.",
          "internalId": "LN-010",
          "isGenEd": false,
          "isValid": true,
          "key": "take_3_credits",
          "name": "Take 3 Credits",
          "satisfied": "INCOMPLETE",
          "subNodes": [],
          "units": {},
        },
      ],
      "units": {
        "credits": {
          "current": 0,
          "required": 3,
        },
      },
    },
    {
      "description": "GEN-SELECTIVES.ITM.2013",
      "index": 57,
      "internalId": "RQ-10411",
      "isGenEd": true,
      "key": "gened__selectives",
      "name": "GenEd: Selectives",
      "nextIndex": 63,
      "satisfied": "COMPLETE",
      "subNodes": [
        {
          "description": "Take 2-3 Credits from Approved General Education Course List.  General Education must total 40 credits.",
          "internalId": "LN-010",
          "isGenEd": false,
          "isValid": true,
          "key": "take_2_3_credits",
          "name": "Take 2-3 Credits",
          "satisfied": "COMPLETE",
          "subNodes": [],
          "units": {},
        },
      ],
      "units": {
        "credits": {
          "current": 2,
          "required": 2,
        },
      },
    },
    {
      "description": "MAJOR STUDIES",
      "index": 63,
      "internalId": "RQ-313",
      "isGenEd": false,
      "key": "major_studies__computer_networking____information_technology",
      "name": "Major Studies: Computer Networking  & Information Technology",
      "nextIndex": 75,
      "satisfied": "IN_PROGRESS",
      "subNodes": [
        {
          "description": "MANAGEMENT",
          "internalId": "PROFESSIONAL",
          "isGenEd": false,
          "isValid": true,
          "key": "professional__mgmt",
          "name": "Professional: Mgmt",
          "satisfied": "INCOMPLETE",
          "subNodes": [],
          "units": {},
        },
        {
          "description": "TECHNICAL",
          "internalId": "PROFESSIONAL",
          "isGenEd": false,
          "isValid": true,
          "key": "professional__technical",
          "name": "Professional: Technical",
          "satisfied": "INCOMPLETE",
          "subNodes": [],
          "units": {},
        },
        {
          "description": "Electives- Group 1Choose 6 credits from the following options",
          "internalId": "UNKNOWN_ID",
          "isGenEd": false,
          "isValid": true,
          "key": "electives__group_1",
          "name": "Electives: Group 1",
          "satisfied": "INCOMPLETE",
          "subNodes": [],
          "units": {},
        },
        {
          "description": "Electives- Group 2Take 5 Credits of electives from courses with the Following Prefixes: BUACT, BUINB, BULGL, BUMGT, BUMIS, BURTL, BUMKG, BUSCM, CS, ELEC, INMGT, ICT, ITM, ET, or TRHRD",
          "internalId": "UNKNOWN_ID",
          "isGenEd": false,
          "isValid": true,
          "key": "selectives",
          "name": "Selectives",
          "satisfied": "COMPLETE",
          "subNodes": [],
          "units": {},
        },
      ],
      "units": {
        "credits": {
          "current": 81,
          "required": 80,
        },
      },
    },
    {
      "description": "OTHER COURSES",
      "index": 75,
      "internalId": "RQ-0331",
      "isGenEd": false,
      "key": "other_courses",
      "name": "Other Courses",
      "nextIndex": 80,
      "satisfied": "COMPLETE",
      "subNodes": [
        {
          "description": "Courses Not Used Toward Degree",
          "internalId": "UNKNOWN_ID",
          "isGenEd": false,
          "isValid": true,
          "key": "courses_not_used_toward_degree",
          "name": "Courses Not Used Toward Degree",
          "satisfied": "COMPLETE",
          "subNodes": [],
          "units": {},
        },
        {
          "description": "Transfer Courses Not Used Toward Degree",
          "internalId": "UNKNOWN_ID",
          "isGenEd": false,
          "isValid": true,
          "key": "transfer_courses_not_used_toward_degree",
          "name": "Transfer Courses Not Used Toward Degree",
          "satisfied": "COMPLETE",
          "subNodes": [],
          "units": {},
        },
      ],
      "units": {},
    },
  ],
  "units": {
    "credits": {
      "current": 121,
      "required": 120,
    },
    "gpa": {
      "current": 3.2,
      "required": 2,
    },
  },
}
`;
