// Jest Snapshot v1, https://goo.gl/fbAQLP

exports[`BS in Computer Networking & Information Technology Node should have expected snapshot 1`] = `
{
  "internalId": "RG-738",
  "key": "bs_in_cnit_2020",
  "name": "BS In CNIT 2020",
  "satisfied": "INCOMPLETE",
  "subNodes": [
    {
      "description": "Racial and Ethnic StudiesStudents must take 6 credits, a minimum of 3 credits must be from RES-A",
      "internalId": "RQ-10360",
      "isGenEd": true,
      "key": "res_requirement",
      "name": "RES Requirement",
      "satisfied": "COMPLETE",
      "subNodes": [],
    },
    {
      "description": "Global Perspectives",
      "internalId": "RQ-025",
      "isGenEd": true,
      "key": "glp_requirement",
      "name": "GLP Requirement",
      "satisfied": "COMPLETE",
      "subNodes": [],
    },
    {
      "description": "General Education: Communication Skills",
      "internalId": "RQ-020",
      "isGenEd": true,
      "key": "gened__communication_skills",
      "name": "GenEd: Communication Skills",
      "satisfied": "COMPLETE",
      "subNodes": [],
    },
    {
      "description": "GEN-ARNS.CNIT.2019",
      "internalId": "RQ-10408",
      "isGenEd": true,
      "key": "gened__arns",
      "name": "GenEd: ARNS",
      "satisfied": "COMPLETE",
      "subNodes": [],
    },
    {
      "description": "General Education: Humanities and the Arts- Select from two or more areas Including: Art History/Music Appreciation, Creative/Performing Arts, History, Literature, Philosophy, & Foreign Language & Culture  *Effective 01/01/2021, PHOTO 130 NO LONGER classified as GE HUM/ART & does not satisfy this area.   **Effective 08/15/2021, ART 100 & ART 101 NO LONGER classified as GE HUM/ART & do not satisfy this area.",
      "internalId": "RQ-019",
      "isGenEd": true,
      "key": "gened__humart",
      "name": "GenEd: HumArt",
      "satisfied": "COMPLETE",
      "subNodes": [],
    },
    {
      "description": "General Education: Social and Behavioral Sciences - Courses MUST be from two or more Areas Including: Anthropology, Economics, Geography, Political Science, Psychology and Sociology",
      "internalId": "RQ-0138",
      "isGenEd": true,
      "key": "gened__sbsci",
      "name": "GenEd: SBSci",
      "satisfied": "COMPLETE",
      "subNodes": [],
    },
    {
      "description": "General Education: Cross-disciplinary Issues",
      "internalId": "RQ-10409",
      "isGenEd": true,
      "key": "gened__ci",
      "name": "GenEd: CI",
      "satisfied": "COMPLETE",
      "subNodes": [],
    },
    {
      "description": "General Education: Social Responsibility and Ethical Reasoning",
      "internalId": "RQ-10647",
      "isGenEd": true,
      "key": "gened__srer",
      "name": "GenEd: SRER",
      "satisfied": "INCOMPLETE",
      "subNodes": [],
    },
    {
      "description": "GEN-SELECTIVES.ITM.2013",
      "internalId": "RQ-10411",
      "isGenEd": true,
      "key": "gened__selectives",
      "name": "GenEd: Selectives",
      "satisfied": "COMPLETE",
      "subNodes": [],
    },
    {
      "description": "MAJOR STUDIES",
      "internalId": "RQ-313",
      "isGenEd": false,
      "key": "major_studies__computer_networking____information_technology",
      "name": "Major Studies: Computer Networking  & Information Technology",
      "satisfied": "INCOMPLETE",
      "subNodes": [],
    },
    {
      "description": "OTHER COURSES",
      "internalId": "RQ-0331",
      "isGenEd": false,
      "key": "other_courses",
      "name": "Other Courses",
      "satisfied": "COMPLETE",
      "subNodes": [],
    },
  ],
}
`;
