// Jest Snapshot v1, https://goo.gl/fbAQLP

exports[`BS in CS: Interdisciplinary Program Node should have expected snapshot 1`] = `
{
  "internalId": "RG-11227",
  "isGenEd": false,
  "key": "bs_in_cs___interdisciplinary_2019",
  "name": "BS In CS - Interdisciplinary 2019",
  "satisfied": "INCOMPLETE",
  "subNodes": [
    {
      "description": "Racial and Ethnic StudiesStudents must take 6 credits, a minimum of 3 credits must be from RES-A",
      "index": 1,
      "internalId": "RQ-10360",
      "isGenEd": true,
      "key": "res_requirement",
      "name": "RES Requirement",
      "nextIndex": 5,
      "satisfied": "COMPLETE",
      "subNodes": [
        {
          "description": "Option 1: Take two RES-A Course",
          "internalId": "LN-10",
          "isGenEd": true,
          "isValid": true,
          "key": "option_1_take_two_res_a_course",
          "name": "Option 1:take Two RES-a Course",
          "satisfied": "COMPLETE",
          "subNodes": [],
          "units": {},
        },
      ],
      "units": {
        "credits": {
          "current": 6,
          "required": 6,
        },
      },
    },
    {
      "description": "Global Perspectives",
      "index": 5,
      "internalId": "RQ-025",
      "isGenEd": true,
      "key": "glp_requirement",
      "name": "GLP Requirement",
      "nextIndex": 9,
      "satisfied": "COMPLETE",
      "subNodes": [
        {
          "description": "Global Perspective Courses  - 6 Credits",
          "internalId": "LN-010",
          "isGenEd": false,
          "isValid": true,
          "key": "global_perspective_courses",
          "name": "Global Perspective Courses",
          "satisfied": "COMPLETE",
          "subNodes": [],
          "units": {},
        },
      ],
      "units": {
        "credits": {
          "current": 9,
          "required": 6,
        },
      },
    },
    {
      "description": "General Education: Communication Skills",
      "index": 9,
      "internalId": "RQ-020",
      "isGenEd": true,
      "key": "gened__communication_skills",
      "name": "GenEd: Communication Skills",
      "nextIndex": 17,
      "satisfied": "COMPLETE",
      "subNodes": [
        {
          "description": "Take ENGL-101 or ENGL-111HON",
          "internalId": "LN-010",
          "isGenEd": false,
          "isValid": true,
          "key": "freshman_composition_1___engl_101_or_engl_111hon",
          "name": "Freshman Composition 1 - ENGL-101 Or ENGL-111hon",
          "satisfied": "COMPLETE",
          "subNodes": [],
          "units": {},
        },
        {
          "description": "Take ENGL-102 or ENGL-113HON",
          "internalId": "LN-020",
          "isGenEd": false,
          "isValid": true,
          "key": "freshman_composition_2___engl_102_or_engl_113hon",
          "name": "Freshman Composition 2 - ENGL-102 Or ENGL-113hon",
          "satisfied": "COMPLETE",
          "subNodes": [],
          "units": {},
        },
        {
          "description": "Take COMST 100",
          "internalId": "LN-030",
          "isGenEd": false,
          "isValid": true,
          "key": "fundamentals_of_speech___comst_100",
          "name": "Fundamentals Of Speech - COMST 100",
          "satisfied": "COMPLETE",
          "subNodes": [],
          "units": {},
        },
      ],
      "units": {},
    },
    {
      "description": "General Education-Analytical Reasoning & Natural ScienceComputer Science Requirements",
      "index": 17,
      "internalId": "RQ-10588",
      "isGenEd": true,
      "key": "gened__arns",
      "name": "GenEd: ARNS",
      "nextIndex": 29,
      "satisfied": "COMPLETE",
      "subNodes": [
        {
          "description": "Take CS 144",
          "internalId": "UNKNOWN_ID",
          "isGenEd": false,
          "isValid": true,
          "key": "take_cs_144",
          "name": "Take CS 144",
          "satisfied": "COMPLETE",
          "subNodes": [],
          "units": {},
        },
        {
          "description": "Take MATH 151 OR MATH 153 OR MATH 156",
          "internalId": "LN-015",
          "isGenEd": false,
          "isValid": true,
          "key": "take_math_151_or_math_153_or_math_156",
          "name": "Take MATH 151 Or MATH 153 Or MATH 156",
          "satisfied": "COMPLETE",
          "subNodes": [],
          "units": {},
        },
        {
          "description": "LN- 20: Take a Natural Sciences course from the approved Gen Ed/Stout Core-ARNS Natural Science course listing which can be found online",
          "internalId": "UNKNOWN_ID",
          "isGenEd": false,
          "isValid": true,
          "key": "natural_science",
          "name": "Natural Science",
          "satisfied": "COMPLETE",
          "subNodes": [],
          "units": {},
        },
        {
          "description": "Laboratory Course Required",
          "internalId": "LN-30",
          "isGenEd": false,
          "isValid": true,
          "key": "laboratory_course_required",
          "name": "Laboratory Course Required",
          "satisfied": "COMPLETE",
          "subNodes": [],
          "units": {},
        },
        {
          "description": "Additional CreditsTake any additional Analytic Reasoning and Natural Science approved courses to reach a total of 10 credits",
          "internalId": "LN-40",
          "isGenEd": false,
          "isValid": true,
          "key": "additional_credits",
          "name": "Additional Credits",
          "satisfied": "COMPLETE",
          "subNodes": [],
          "units": {},
        },
      ],
      "units": {
        "courses": {
          "current": 1,
          "required": 1,
        },
      },
    },
    {
      "description": "General Education: Humanities and the Arts- Select from two or more areas Including: Art History/Music Appreciation, Creative/Performing Arts, History, Literature, Philosophy, & Foreign Language & Culture  *Effective 01/01/2021, PHOTO 130 NO LONGER classified as GE HUM/ART & does not satisfy this area.   **Effective 08/15/2021, ART 100 & ART 101 NO LONGER classified as GE HUM/ART & do not satisfy this area.",
      "index": 29,
      "internalId": "RQ-019",
      "isGenEd": true,
      "key": "gened__humart",
      "name": "GenEd: HumArt",
      "nextIndex": 37,
      "satisfied": "COMPLETE",
      "subNodes": [
        {
          "description": "Creative/Performing Arts Option ",
          "internalId": "LN-030",
          "isGenEd": false,
          "isValid": true,
          "key": "creative_performing_arts_option",
          "name": "Creative/performing Arts Option",
          "satisfied": "COMPLETE",
          "subNodes": [],
          "units": {},
        },
        {
          "description": "History Option ",
          "internalId": "LN-070",
          "isGenEd": false,
          "isValid": true,
          "key": "history_option",
          "name": "History Option",
          "satisfied": "COMPLETE",
          "subNodes": [],
          "units": {},
        },
      ],
      "units": {
        "credits": {
          "current": 6,
          "required": 6,
        },
      },
    },
    {
      "description": "General Education: Social and Behavioral Sciences - Courses MUST be from two or more Areas Including: Anthropology, Economics, Geography, Political Science, Psychology and Sociology",
      "index": 37,
      "internalId": "RQ-0138",
      "isGenEd": true,
      "key": "gened__sbsci",
      "name": "GenEd: SBSci",
      "nextIndex": 43,
      "satisfied": "COMPLETE",
      "subNodes": [
        {
          "description": "Anthropology Option ",
          "internalId": "LN-010",
          "isGenEd": false,
          "isValid": true,
          "key": "anthropology",
          "name": "Anthropology",
          "satisfied": "COMPLETE",
          "subNodes": [],
          "units": {},
        },
      ],
      "units": {
        "credits": {
          "current": 3,
          "required": 6,
        },
      },
    },
    {
      "description": "General Education: Cross-Disciplinary Issues",
      "index": 43,
      "internalId": "RQ-10361",
      "isGenEd": true,
      "key": "gened__ci",
      "name": "GenEd: CI",
      "nextIndex": 47,
      "satisfied": "COMPLETE",
      "subNodes": [
        {
          "description": "Complete 3 credits from the approved CISS course list",
          "internalId": "LN-010",
          "isGenEd": false,
          "isValid": true,
          "key": "select_3_credits",
          "name": "Select 3 Credits",
          "satisfied": "COMPLETE",
          "subNodes": [],
          "units": {},
        },
      ],
      "units": {
        "credits": {
          "current": 3,
          "required": 3,
        },
      },
    },
    {
      "description": "General Education- Social Responsibility and Ethical ReasoningTake ICT 215",
      "index": 47,
      "internalId": "RQ-10432",
      "isGenEd": true,
      "key": "gened__srer",
      "name": "GenEd: SRER",
      "nextIndex": 51,
      "satisfied": "COMPLETE",
      "subNodes": [
        {
          "description": "ICT 215",
          "internalId": "UNKNOWN_ID",
          "isGenEd": false,
          "isValid": true,
          "key": "ict_215",
          "name": "ICT 215",
          "satisfied": "COMPLETE",
          "subNodes": [],
          "units": {},
        },
      ],
      "units": {
        "courses": {
          "current": 2,
          "required": 0,
        },
      },
    },
    {
      "description": "COMPUTER SCIENCE MAJOR STUDIES A grade of C or better is required for all MATH, CS, and GDD courses. ",
      "index": 51,
      "internalId": "RQ-0451",
      "isGenEd": false,
      "key": "maj__cs_major_studies",
      "name": "Maj: CS Major Studies",
      "nextIndex": 65,
      "satisfied": "IN_PROGRESS",
      "subNodes": [
        {
          "description": "Computer Science Courses",
          "internalId": "UNKNOWN_ID",
          "isGenEd": false,
          "isValid": true,
          "key": "cs_courses",
          "name": "CS Courses",
          "satisfied": "INCOMPLETE",
          "subNodes": [],
          "units": {},
        },
        {
          "description": "CS 343 or CS 3XX of higherCS 343 is required for the Game Design and Development Concentration",
          "internalId": "UNKNOWN_ID",
          "isGenEd": false,
          "isValid": true,
          "key": "cs_343_or_cs_3xx_of_higher",
          "name": "CS 343 Or CS 3xx Of Higher",
          "satisfied": "INCOMPLETE",
          "subNodes": [],
          "units": {},
        },
        {
          "description": "MATH 154 OR MATH 157",
          "internalId": "UNKNOWN_ID",
          "isGenEd": false,
          "isValid": true,
          "key": "math_154_or_math_157",
          "name": "MATH 154 Or MATH 157",
          "satisfied": "COMPLETE",
          "subNodes": [],
          "units": {},
        },
        {
          "description": "Mathematical CoursesTake MATH 270 & MATH 275",
          "internalId": "UNKNOWN_ID",
          "isGenEd": false,
          "isValid": true,
          "key": "mathematical_courses",
          "name": "Mathematical Courses",
          "satisfied": "COMPLETE",
          "subNodes": [],
          "units": {},
        },
        {
          "description": "Mathematics Selectives",
          "internalId": "UNKNOWN_ID",
          "isGenEd": false,
          "isValid": true,
          "key": "mathematics_selectives",
          "name": "Mathematics Selectives",
          "satisfied": "COMPLETE",
          "subNodes": [],
          "units": {},
        },
      ],
      "units": {
        "courses": {
          "current": 7,
          "required": 10,
        },
        "credits": {
          "current": 60,
          "required": 47,
        },
      },
    },
    {
      "description": "Student must complete a minimum of 6 Natural Science Credits",
      "index": 65,
      "internalId": "RQ-010760",
      "isGenEd": false,
      "key": "verify_completion_of_natural_science_credit_requirement",
      "name": "Verify Completion Of Natural Science Credit Requirement",
      "nextIndex": 69,
      "satisfied": "INCOMPLETE",
      "subNodes": [
        {
          "description": "Natural Science Courses",
          "internalId": "UNKNOWN_ID",
          "isGenEd": false,
          "isValid": true,
          "key": "natural_science_courses",
          "name": "Natural Science Courses",
          "satisfied": "INCOMPLETE",
          "subNodes": [],
          "units": {},
        },
      ],
      "units": {
        "credits": {
          "current": 5,
          "required": 6,
        },
      },
    },
    {
      "description": "Interdisciplinary Concentration",
      "index": 69,
      "internalId": "RQ-10608",
      "isGenEd": false,
      "key": "cs___interdisciplinary_conc",
      "name": "CS - Interdisciplinary CONC",
      "nextIndex": 75,
      "satisfied": "INCOMPLETE",
      "subNodes": [
        {
          "description": "CS 458",
          "internalId": "UNKNOWN_ID",
          "isGenEd": false,
          "isValid": true,
          "key": "cs_458",
          "name": "CS 458",
          "satisfied": "INCOMPLETE",
          "subNodes": [],
          "units": {},
        },
        {
          "description": "Minor, 2nd Major, or Self Planned ConcentrationTake 24 Credits from a Minor or a Self Planned Concentration (as approved by Program Director)",
          "internalId": "UNKNOWN_ID",
          "isGenEd": false,
          "isValid": true,
          "key": "minor__2nd_major__or_self_planned_conc",
          "name": "Minor, 2nd Major, Or Self Planned CONC",
          "satisfied": "INCOMPLETE",
          "subNodes": [],
          "units": {},
        },
      ],
      "units": {
        "credits": {
          "current": 0,
          "required": 8,
        },
      },
    },
    {
      "description": "OTHER COURSES",
      "index": 75,
      "internalId": "RQ-0331",
      "isGenEd": false,
      "key": "other_courses",
      "name": "Other Courses",
      "nextIndex": 80,
      "satisfied": "COMPLETE",
      "subNodes": [
        {
          "description": "Courses Not Used Toward Degree",
          "internalId": "UNKNOWN_ID",
          "isGenEd": false,
          "isValid": true,
          "key": "courses_not_used_toward_degree",
          "name": "Courses Not Used Toward Degree",
          "satisfied": "COMPLETE",
          "subNodes": [],
          "units": {},
        },
        {
          "description": "Transfer Courses Not Used Toward Degree",
          "internalId": "UNKNOWN_ID",
          "isGenEd": false,
          "isValid": true,
          "key": "transfer_courses_not_used_toward_degree",
          "name": "Transfer Courses Not Used Toward Degree",
          "satisfied": "COMPLETE",
          "subNodes": [],
          "units": {},
        },
      ],
      "units": {},
    },
  ],
  "units": {
    "credits": {
      "current": 105,
      "required": 120,
    },
    "gpa": {
      "current": 2.867,
      "required": 2,
    },
  },
}
`;
