// Jest Snapshot v1, https://goo.gl/fbAQLP

exports[`BS in CyberSecurity Program Node should have expected snapshot 1`] = `
{
  "internalId": "RG-011587",
  "key": "bs_in_cybersec_2022",
  "name": "BS In CyberSec 2022",
  "satisfied": "INCOMPLETE",
  "subNodes": [
    {
      "description": "Racial and Ethnic StudiesStudents must take 6 credits, a minimum of 3 credits must be from RES-A",
      "index": 1,
      "internalId": "RQ-10360",
      "isGenEd": true,
      "key": "res_requirement",
      "name": "RES Requirement",
      "nextIndex": 7,
      "satisfied": "COMPLETE",
      "subNodes": [],
      "units": {
        "credits": {
          "current": 3,
          "required": 3,
        },
      },
    },
    {
      "description": "Global Perspectives",
      "index": 7,
      "internalId": "RQ-025",
      "isGenEd": true,
      "key": "glp_requirement",
      "name": "GLP Requirement",
      "nextIndex": 11,
      "satisfied": "COMPLETE",
      "subNodes": [],
      "units": {
        "credits": {
          "current": 12,
          "required": 6,
        },
      },
    },
    {
      "description": "General Education: Communication Skills",
      "index": 11,
      "internalId": "RQ-020",
      "isGenEd": true,
      "key": "gened__communication_skills",
      "name": "GenEd: Communication Skills",
      "nextIndex": 19,
      "satisfied": "COMPLETE",
      "subNodes": [],
      "units": {},
    },
    {
      "description": "General Education-Analytical Reasoning & Natural ScienceCybersecurity",
      "index": 19,
      "internalId": "RQ-10800",
      "isGenEd": true,
      "key": "gened__arns__10_14_credits_",
      "name": "GenEd: ARNS (10-14 Credits)",
      "nextIndex": 31,
      "satisfied": "COMPLETE",
      "subNodes": [],
      "units": {
        "courses": {
          "current": 3,
          "required": 0,
        },
        "credits": {
          "current": 14,
          "required": 10,
        },
      },
    },
    {
      "description": "General Education: Humanities and the Arts- Select from two or more areas Including: Art History/Music Appreciation, Creative/Performing Arts, History, Literature, Philosophy, & Foreign Language & Culture  *Effective 01/01/2021, PHOTO 130 NO LONGER classified as GE HUM/ART & does not satisfy this area.   **Effective 08/15/2021, ART 100 & ART 101 NO LONGER classified as GE HUM/ART & do not satisfy this area.",
      "index": 31,
      "internalId": "RQ-019",
      "isGenEd": true,
      "key": "gened__humart",
      "name": "GenEd: HumArt",
      "nextIndex": 39,
      "satisfied": "COMPLETE",
      "subNodes": [],
      "units": {
        "credits": {
          "current": 6,
          "required": 6,
        },
      },
    },
    {
      "description": "General Education: Social and Behavioral Sciences - Courses MUST be from two or more Areas Including: Anthropology, Economics, Geography, Political Science, Psychology and Sociology",
      "index": 39,
      "internalId": "RQ-0138",
      "isGenEd": true,
      "key": "gened__sbsci",
      "name": "GenEd: SBSci",
      "nextIndex": 47,
      "satisfied": "COMPLETE",
      "subNodes": [],
      "units": {
        "credits": {
          "current": 6,
          "required": 6,
        },
      },
    },
    {
      "description": "General Education: Cross-disciplinary Issues",
      "index": 47,
      "internalId": "RQ-10378",
      "isGenEd": true,
      "key": "gened__ci",
      "name": "GenEd: CI",
      "nextIndex": 51,
      "satisfied": "COMPLETE",
      "subNodes": [],
      "units": {
        "credits": {
          "current": 3,
          "required": 3,
        },
      },
    },
    {
      "description": "General Education- Social Responsibility and Ethical ReasoningTake ICT 215",
      "index": 51,
      "internalId": "RQ-10803",
      "isGenEd": true,
      "key": "gened__srer",
      "name": "GenEd: SRER",
      "nextIndex": 55,
      "satisfied": "COMPLETE",
      "subNodes": [],
      "units": {
        "credits": {
          "current": 3,
          "required": 3,
        },
      },
    },
    {
      "description": "Complete 0-3 credits of GE Selective to reach the 40 GE credit requirement***AAR created requiring 3 credits, HOWEVER, only complete the number of Selective credits needed to reach 40 GE credit requirement. Registration and Records will make any credit adjustments once all GE requirements are satisfied.",
      "index": 55,
      "internalId": "RQ-10801",
      "isGenEd": true,
      "key": "gened__selectives__0_3_credits_",
      "name": "GenEd: Selectives (0-3 Credits)",
      "nextIndex": 59,
      "satisfied": "INCOMPLETE",
      "subNodes": [],
      "units": {
        "credits": {
          "current": 2,
          "required": 3,
        },
      },
    },
    {
      "description": "CYBERSECURITY MAJOR STUDIES",
      "index": 59,
      "internalId": "RQ-010802",
      "isGenEd": false,
      "key": "maj__cybersec_major_studies",
      "name": "Maj: CyberSec Major Studies",
      "nextIndex": 73,
      "satisfied": "INCOMPLETE",
      "subNodes": [],
      "units": {
        "courses": {
          "current": 18,
          "required": 20,
        },
        "credits": {
          "current": 75,
          "required": 80,
        },
      },
    },
    {
      "description": "OTHER COURSES",
      "index": 73,
      "internalId": "RQ-0331",
      "isGenEd": false,
      "key": "other_courses",
      "name": "Other Courses",
      "nextIndex": 78,
      "satisfied": "COMPLETE",
      "subNodes": [],
      "units": {},
    },
  ],
  "units": {
    "credits": {
      "current": 118,
      "required": 120,
    },
    "gpa": {
      "current": 3.31,
      "required": 2,
    },
  },
}
`;
