// Jest Snapshot v1, https://goo.gl/fbAQLP

exports[`Mathematics Minor Node should have expected snapshot 1`] = `
{
  "internalId": "RG-171",
  "isGenEd": false,
  "key": "minor__mathematics",
  "name": "Minor: mathematics",
  "satisfied": "INCOMPLETE",
  "subNodes": [],
  "units": {
    "credits": {
      "current": 22,
      "required": 22,
    },
  },
}
`;
