// Jest Snapshot v1, https://goo.gl/fbAQLP

exports[`Design Minor Node should have expected snapshot 1`] = `
{
  "internalId": "RG-011666",
  "isGenEd": false,
  "key": "minor__design",
  "name": "Minor: design",
  "satisfied": "IN_PROGRESS",
  "subNodes": [
    {
      "description": "DESIGN MINOR (24 CREDITS)",
      "index": 1,
      "internalId": "RQ-10816",
      "isGenEd": false,
      "key": "minor___design",
      "name": "Minor - Design",
      "nextIndex": 16,
      "satisfied": "IN_PROGRESS",
      "subNodes": [
        {
          "description": "Take DES 101",
          "internalId": "LN-10",
          "isGenEd": false,
          "isValid": true,
          "key": "design_literacy",
          "name": "Design Literacy",
          "satisfied": "INCOMPLETE",
          "subNodes": [],
          "units": {},
        },
        {
          "description": "Select one course",
          "internalId": "LN-20",
          "isGenEd": false,
          "isValid": true,
          "key": "design_literacy",
          "name": "Design Literacy",
          "satisfied": "COMPLETE",
          "subNodes": [],
          "units": {},
        },
        {
          "description": "Take two coursesMay use ARTH 223 or ARTH 224, but not both",
          "internalId": "LN-030",
          "isGenEd": false,
          "isValid": true,
          "key": "design_history",
          "name": "Design History",
          "satisfied": "INCOMPLETE",
          "subNodes": [],
          "units": {},
        },
        {
          "description": "Take two coursesMay use ARTH 223 or ARTH 224, but not both",
          "internalId": "LN-040",
          "isGenEd": false,
          "isValid": true,
          "key": "design_history",
          "name": "Design History",
          "satisfied": "INCOMPLETE",
          "subNodes": [],
          "units": {},
        },
        {
          "description": "Select two courses",
          "internalId": "LN-050",
          "isGenEd": false,
          "isValid": true,
          "key": "design_interdisciplinary",
          "name": "Design Interdisciplinary",
          "satisfied": "INCOMPLETE",
          "subNodes": [],
          "units": {},
        },
        {
          "description": "Select 2 courses",
          "internalId": "LN-060",
          "isGenEd": false,
          "isValid": true,
          "key": "design_disciplines",
          "name": "Design Disciplines",
          "satisfied": "INCOMPLETE",
          "subNodes": [],
          "units": {},
        },
        {
          "description": "Students are required to complete at least 12 minor credits In Residence at UW-Stout.",
          "internalId": "LN-070",
          "isGenEd": false,
          "isValid": true,
          "key": "minor_residency_requirement",
          "name": "Minor Residency Requirement",
          "satisfied": "INCOMPLETE",
          "subNodes": [],
          "units": {},
        },
      ],
      "units": {
        "courses": {
          "current": 0,
          "required": 1,
        },
        "credits": {
          "current": 10,
          "required": 12,
        },
      },
    },
  ],
  "units": {
    "credits": {
      "current": 10,
      "required": 24,
    },
    "gpa": {
      "current": 3.102,
      "required": 2,
    },
  },
}
`;
