// Jest Snapshot v1, https://goo.gl/fbAQLP

exports[`Mathematics Minor Node should have expected snapshot 1`] = `
{
  "internalId": "RG-11154",
  "isGenEd": false,
  "key": "minor__infosec_mgmt",
  "name": "Minor: InfoSec Mgmt",
  "satisfied": "COMPLETE",
  "subNodes": [
    {
      "description": "RQ-10594 : Information Security Management Minor",
      "index": 1,
      "internalId": "Satisfied",
      "isGenEd": false,
      "key": "minor__infosec_mgmt_minor",
      "name": "Minor: InfoSec Mgmt Minor",
      "nextIndex": 8,
      "satisfied": "COMPLETE",
      "subNodes": [
        {
          "description": "Foundations Courses",
          "internalId": "UNKNOWN_ID",
          "isGenEd": false,
          "isValid": true,
          "key": "foundations_courses",
          "name": "Foundations Courses",
          "satisfied": "COMPLETE",
          "subNodes": [],
          "units": {},
        },
        {
          "description": "Core Courses",
          "internalId": "UNKNOWN_ID",
          "isGenEd": false,
          "isValid": true,
          "key": "core_courses",
          "name": "Core Courses",
          "satisfied": "COMPLETE",
          "subNodes": [],
          "units": {},
        },
        {
          "description": "Interdisciplinary Courses",
          "internalId": "UNKNOWN_ID",
          "isGenEd": false,
          "isValid": true,
          "key": "interdisciplinary_courses",
          "name": "Interdisciplinary Courses",
          "satisfied": "COMPLETE",
          "subNodes": [],
          "units": {},
        },
      ],
      "units": {},
    },
  ],
  "units": {},
}
`;
