// Jest Snapshot v1, https://goo.gl/fbAQLP

exports[`Design Minor Node should have expected snapshot 1`] = `
{
  "internalId": "RG-011666",
  "key": "minor__design",
  "name": "Minor: design",
  "satisfied": "INCOMPLETE",
  "subNodes": [
    {
      "description": "DESIGN MINOR (24 CREDITS)",
      "index": 1,
      "internalId": "RQ-10816",
      "isGenEd": false,
      "key": "minor___design",
      "name": "Minor - Design",
      "nextIndex": 16,
      "satisfied": "INCOMPLETE",
      "subNodes": [],
      "units": {
        "courses": {
          "current": 0,
          "required": 1,
        },
        "credits": {
          "current": 10,
          "required": 12,
        },
      },
    },
  ],
  "units": {
    "credits": {
      "current": 10,
      "required": 24,
    },
    "gpa": {
      "current": 3.102,
      "required": 2,
    },
  },
}
`;
