// Jest Snapshot v1, https://goo.gl/fbAQLP

exports[`Mathematics Minor Node should have expected snapshot 1`] = `
{
  "internalId": "RG-171",
  "key": "minor__mathematics",
  "name": "Minor: mathematics",
  "satisfied": "COMPLETE",
  "subNodes": [
    {
      "description": "Calculus I:Take MATH-151 or MATH-153 or MATH-156",
      "internalId": "UNKNOWN_ID",
      "isValid": true,
      "key": "take_math_151_or_math_153_or_math_156",
      "name": "Take MATH-151 Or MATH-153 Or MATH-156",
      "satisfied": "COMPLETE",
      "subNodes": [],
      "units": {},
    },
    {
      "description": "Calculus II:",
      "internalId": "UNKNOWN_ID",
      "isValid": true,
      "key": "math_154_or_math_157",
      "name": "MATH-154 Or MATH-157",
      "satisfied": "COMPLETE",
      "subNodes": [],
      "units": {},
    },
    {
      "description": "SELECTIVESTake a Maximum of 6 Credits from GROUP I*Note: Student Cannot Take STAT-320 if either STAT-331 or STAT-332 Was Taken From Group II*",
      "internalId": "UNKNOWN_ID",
      "isValid": true,
      "key": "group_i___take_a_max_of_6_credits",
      "name": "Group I - Take A Max Of 6 Credits",
      "satisfied": "COMPLETE",
      "subNodes": [],
      "units": {},
    },
    {
      "description": "SELECTIVES Take at Least 9 Credits From GROUP II*Note: Student Cannot Take Both MATH-250 and MATH-255; Student Cannot Take Both STAT-330 and STAT-331*",
      "internalId": "UNKNOWN_ID",
      "isValid": true,
      "key": "group_ii___complete_9_14_credits",
      "name": "Group II - Complete 9-14 Credits",
      "satisfied": "COMPLETE",
      "subNodes": [],
      "units": {},
    },
  ],
  "units": {
    "credits": {
      "current": 22,
      "required": 22,
    },
  },
}
`;
